../Core/Src/main.c:79:6:HAL_TIM_PeriodElapsedCallback	32	static
../Core/Src/main.c:100:6:HAL_UART_RxCpltCallback	24	static
../Core/Src/main.c:113:5:main	8	static
../Core/Src/main.c:176:6:SystemClock_Config	96	static
../Core/Src/main.c:219:13:MX_NVIC_Init	8	static
../Core/Src/main.c:231:13:MX_ADC1_Init	48	static
../Core/Src/main.c:298:13:MX_TIM2_Init	64	static
../Core/Src/main.c:357:13:MX_TIM8_Init	40	static
../Core/Src/main.c:404:13:MX_USART1_UART_Init	8	static
../Core/Src/main.c:439:13:MX_GPIO_Init	40	static
../Core/Src/main.c:473:6:Error_Handler	4	static,ignoring_inline_asm
