../Core/Src/main.c:79:6:HAL_TIM_PeriodElapsedCallback	32	static
../Core/Src/main.c:105:6:HAL_UART_RxCpltCallback	24	static
../Core/Src/main.c:118:5:main	16	static
../Core/Src/main.c:186:6:SystemClock_Config	96	static
../Core/Src/main.c:229:13:MX_NVIC_Init	8	static
../Core/Src/main.c:241:13:MX_ADC1_Init	48	static
../Core/Src/main.c:308:13:MX_TIM2_Init	64	static
../Core/Src/main.c:367:13:MX_TIM8_Init	40	static
../Core/Src/main.c:414:13:MX_USART1_UART_Init	8	static
../Core/Src/main.c:449:13:MX_GPIO_Init	40	static
../Core/Src/main.c:481:6:Error_Handler	4	static,ignoring_inline_asm
