../Core/Src/mutate_flash.c:21:6:flash_erase_init	4	static
../Core/Src/mutate_flash.c:42:6:mutate_power	120	static
../Core/Src/mutate_flash.c:67:6:mutate_control_mode	104	static
../Core/Src/mutate_flash.c:86:6:mutate_wind_mode	104	static
../Core/Src/mutate_flash.c:102:9:get_power	16	static
../Core/Src/mutate_flash.c:110:9:get_control_mode	16	static
../Core/Src/mutate_flash.c:118:9:get_wind_mode	16	static
../Core/Src/mutate_flash.c:126:6:wind_control	8	static
../Core/Src/mutate_flash.c:145:6:check_and_fix_variables	24	static
../Core/Src/mutate_flash.c:163:6:restore_last_state	104	static
